// Jest Snapshot v1, https://goo.gl/fbAQLP

exports[`plugin should register components & directives 1`] = `
Object {
  "components": Array [
    "CopyBtn",
    "CustomIcon",
    "DataList",
    "DataListItem",
    "DatePicker",
    "FileList",
    "FileUpload",
    "FormBuilder",
    "FormField",
    "HeaderLoading",
    "LangBtn",
    "NotificationBar",
    "PageCard",
    "PaginatedTable",
    "SubHeader",
    "UploadWorkflow",
  ],
  "directives": Array [
    "debounce",
  ],
}
`;
