exports[`DownloadBtn > renders correctly #0`] = `
<div id="__cy_root" class="v-application" data-app="true"></div>
`;
