// Vitest Snapshot v1, https://vitest.dev/guide/snapshot.html

exports[`HeaderNavigationDrawer > renders correctly 1`] = `<!--v-if-->`;
