// Jest Snapshot v1, https://goo.gl/fbAQLP

exports[`CookiesTable renders correctly 1`] = `
<vsimpletable-stub class="vd-cookie-table">
  <thead>
    <tr>
      <th class="text-left" style="width: 180px;">
        Dénomination du cookie
      </th>
      <th class="text-left" style="width: 328px;">
        Finalité
      </th>
      <th class="text-left" style="width: 180px;">
        Durée de conservation
      </th>
    </tr>
  </thead>
  <tbody>
    <tr>
      <td>lorem-ipsum</td>
      <td>Lorem ipsum dolor sit amet, consectetur adipiscing elit.</td>
      <td>XX mois</td>
    </tr>
    <tr>
      <td>lorem-ipsum</td>
      <td>Lorem ipsum dolor sit amet, consectetur adipiscing elit.</td>
      <td>XX mois</td>
    </tr>
  </tbody>
</vsimpletable-stub>
`;
