// Jest Snapshot v1, https://goo.gl/fbAQLP

exports[`HeaderBrandSection renders correctly 1`] = `
<vsheet-stub height="64px" tag="div" class="vd-header-brand-section d-flex">
  <routerlink-stub to="/">
    <logo-stub size="normal"></logo-stub>
  </routerlink-stub>
  <!---->
  <!---->
</vsheet-stub>
`;
