// Jest Snapshot v1, https://goo.gl/fbAQLP

exports[`lib should register all helpers 1`] = `
Object {
  "cmd": [Function],
  "colors": Object {
    "lightGrey": "#909090",
    "primary": "#01579b",
  },
  "default": [Function],
  "done": [Function],
  "error": [Function],
  "event": [Function],
  "getPath": [Function],
  "info": [Function],
  "log": [Function],
  "renderHeader": [Function],
  "traceLine": [Function],
  "verbose": [Function],
  "warn": [Function],
}
`;
