// Vitest Snapshot v1, https://vitest.dev/guide/snapshot.html

exports[`SubHeader > renders correctly 1`] = `<v-sheet-stub data-v-04835fcd="" color="secondary" class="vd-sub-header white--text py-6 px-8" border="false" style="width: 100%;" tile="false" tag="div"></v-sheet-stub>`;

exports[`SubHeader > renders loading state correctly 1`] = `<v-sheet-stub data-v-04835fcd="" color="secondary" class="vd-sub-header white--text py-6 px-8" border="false" style="width: 100%;" tile="false" tag="div"></v-sheet-stub>`;
