// Jest Snapshot v1, https://goo.gl/fbAQLP

exports[`FilePreview renders correctly 1`] = `<div class="vd-file-preview"><img alt="" width="100%"></div>`;
