// Jest Snapshot v1, https://goo.gl/fbAQLP

exports[`FilterSelector renders correctly 1`] = `
<v-menu-stub opendelay="0" closedelay="0" contentclass="" maxwidth="auto" nudgebottom="0" nudgeleft="0" nudgeright="0" nudgetop="0" nudgewidth="0" openonclick="true" closeonclick="true" closeoncontentclick="true" maxheight="auto" offsety="true" origin="top left" transition="v-menu-transition">
  <v-list-stub tag="div"></v-list-stub>
</v-menu-stub>
`;
