// Jest Snapshot v1, https://goo.gl/fbAQLP

exports[`FilterSelector renders correctly 1`] = `
<vmenu-stub opendelay="0" closedelay="0" openonclick="true" contentclass="" maxwidth="auto" nudgebottom="0" nudgeleft="0" nudgeright="0" nudgetop="0" nudgewidth="0" closeonclick="true" closeoncontentclick="true" maxheight="auto" offsety="true" origin="top left" transition="v-menu-transition" contentprops="[object Object]">
  <vlist-stub tag="div"></vlist-stub>
</vmenu-stub>
`;
