// Jest Snapshot v1, https://goo.gl/fbAQLP

exports[`ChoiceField renders correctly 1`] = `
<div>
  <choiceselectfield-stub items="[object Object],[object Object],[object Object]" value="0" options="[object Object]"></choiceselectfield-stub>
  <!---->
</div>
`;

exports[`ChoiceField renders the other field 1`] = `
<div>
  <choiceselectfield-stub items="[object Object],[object Object],[object Object]" options="[object Object]"></choiceselectfield-stub>
  <vtextfield-stub color="accent" dark="true" errorcount="1" errormessages="" messages="" rules="" successmessages="" value="XXL" backgroundcolor="accent" dense="true" hint="Veuillez entrez votre taille" loaderheight="2" clearicon="$clear" outlined="true" type="text" class="vd-form-input"></vtextfield-stub>
</div>
`;

exports[`ChoiceField renders the other field when the corresponding choice is selected 1`] = `
<div>
  <choiceselectfield-stub items="[object Object],[object Object],[object Object]" value="autre" options="[object Object]"></choiceselectfield-stub>
  <vexpandtransition-stub mode="in-out" hide-on-leave="">
    <div class="vd-other-field mt-4">
      <h4 class="text-body-1 mb-1">
        Autre taille
      </h4>
      <vtextarea-stub errorcount="1" errormessages="" messages="" rules="" successmessages="" value="XXL" backgroundcolor="" hint="Veuillez entrez votre taille" loaderheight="2" clearicon="$clear" outlined="true" type="text" autogrow="true" rowheight="24" rows="1" class="vd-form-input"></vtextarea-stub>
    </div>
  </vexpandtransition-stub>
</div>
`;

exports[`ChoiceField renders with multiple error messages 1`] = `
<div>
  <div class="vd-select-btn-field vd-form-input" type="choiceButton">
    <div class="vd-select-btn-field-toggle d-flex overflow-y-auto primary--text v-item-group theme--light v-btn-toggle flex-column" role="listbox"><button type="button" value="0" class="v-btn v-btn--outlined theme--light elevation-0 v-size--default primary--text" style="height: auto; min-height: 40px;" role="option"><span class="v-btn__content"><span class="text-body-1">
				S
			</span>
        <div class="spacer"></div> <span aria-hidden="true" class="v-icon notranslate theme--light white--text flex-shrink-0 ml-1" style="visibility: hidden;"><svg xmlns="http://www.w3.org/2000/svg" viewBox="0 0 24 24" role="img" aria-hidden="true" class="v-icon__svg"><path d="M21,7L9,19L3.5,13.5L4.91,12.09L9,16.17L19.59,5.59L21,7Z"></path></svg></span></span>
      </button><button type="button" value="1" class="v-btn v-btn--outlined theme--light elevation-0 v-size--default primary--text" style="height: auto; min-height: 40px;" role="option"><span class="v-btn__content"><span class="text-body-1">
				M
			</span>
        <div class="spacer"></div> <span aria-hidden="true" class="v-icon notranslate theme--light white--text flex-shrink-0 ml-1" style="visibility: hidden;"><svg xmlns="http://www.w3.org/2000/svg" viewBox="0 0 24 24" role="img" aria-hidden="true" class="v-icon__svg"><path d="M21,7L9,19L3.5,13.5L4.91,12.09L9,16.17L19.59,5.59L21,7Z"></path></svg></span></span>
      </button><button type="button" value="autre" class="v-btn v-btn--outlined theme--light elevation-0 v-size--default primary--text" style="height: auto; min-height: 40px;" role="option"><span class="v-btn__content"><span class="text-body-1">
				Autre
			</span>
        <div class="spacer"></div> <span aria-hidden="true" class="v-icon notranslate theme--light white--text flex-shrink-0 ml-1" style="visibility: hidden;"><svg xmlns="http://www.w3.org/2000/svg" viewBox="0 0 24 24" role="img" aria-hidden="true" class="v-icon__svg"><path d="M21,7L9,19L3.5,13.5L4.91,12.09L9,16.17L19.59,5.59L21,7Z"></path></svg></span></span>
      </button></div>
    <p class="v-messages error--text px-3 mt-2 mb-0 theme--light">
      Erreur 1
    </p>
    <p class="v-messages error--text px-3 mt-2 mb-0 theme--light">
      Erreur 2
    </p>
  </div>
  <!---->
</div>
`;

exports[`ChoiceField renders with single error message 1`] = `
<div>
  <div class="vd-select-btn-field vd-form-input" type="choiceButton">
    <div class="vd-select-btn-field-toggle d-flex overflow-y-auto primary--text v-item-group theme--light v-btn-toggle flex-column" role="listbox"><button type="button" value="0" class="v-btn v-btn--outlined theme--light elevation-0 v-size--default primary--text" style="height: auto; min-height: 40px;" role="option"><span class="v-btn__content"><span class="text-body-1">
				S
			</span>
        <div class="spacer"></div> <span aria-hidden="true" class="v-icon notranslate theme--light white--text flex-shrink-0 ml-1" style="visibility: hidden;"><svg xmlns="http://www.w3.org/2000/svg" viewBox="0 0 24 24" role="img" aria-hidden="true" class="v-icon__svg"><path d="M21,7L9,19L3.5,13.5L4.91,12.09L9,16.17L19.59,5.59L21,7Z"></path></svg></span></span>
      </button><button type="button" value="1" class="v-btn v-btn--outlined theme--light elevation-0 v-size--default primary--text" style="height: auto; min-height: 40px;" role="option"><span class="v-btn__content"><span class="text-body-1">
				M
			</span>
        <div class="spacer"></div> <span aria-hidden="true" class="v-icon notranslate theme--light white--text flex-shrink-0 ml-1" style="visibility: hidden;"><svg xmlns="http://www.w3.org/2000/svg" viewBox="0 0 24 24" role="img" aria-hidden="true" class="v-icon__svg"><path d="M21,7L9,19L3.5,13.5L4.91,12.09L9,16.17L19.59,5.59L21,7Z"></path></svg></span></span>
      </button><button type="button" value="autre" class="v-btn v-btn--outlined theme--light elevation-0 v-size--default primary--text" style="height: auto; min-height: 40px;" role="option"><span class="v-btn__content"><span class="text-body-1">
				Autre
			</span>
        <div class="spacer"></div> <span aria-hidden="true" class="v-icon notranslate theme--light white--text flex-shrink-0 ml-1" style="visibility: hidden;"><svg xmlns="http://www.w3.org/2000/svg" viewBox="0 0 24 24" role="img" aria-hidden="true" class="v-icon__svg"><path d="M21,7L9,19L3.5,13.5L4.91,12.09L9,16.17L19.59,5.59L21,7Z"></path></svg></span></span>
      </button></div>
    <p class="v-messages error--text px-3 mt-2 mb-0 theme--light">
      Erreur
    </p>
  </div>
  <!---->
</div>
`;
