// Jest Snapshot v1, https://goo.gl/fbAQLP

exports[`FormField renders correctly 1`] = `<textfield-stub field="[object Object]" class="vd-fieldGroup-field"></textfield-stub>`;
