// Vitest Snapshot v1, https://vitest.dev/guide/snapshot.html

exports[`FileUpload > renders correctly 1`] = `<label data-v-b5ec5665="" style="width: 100%;" class="text-primary vd-file-upload d-block pa-4"><input data-v-b5ec5665="" type="file" accept=".pdf,.jpg,.jpeg,.png" class="vd-file-upload-input"><span data-v-b5ec5665="" class="vd-file-upload-placeholder"><v-icon-stub data-v-b5ec5665="" color="primary" disabled="false" start="false" end="false" size="40" tag="i"></v-icon-stub><span data-v-b5ec5665="" class="text-black mt-1 font-weight-medium">Placez votre fichier ici</span><span data-v-b5ec5665="" class="text-grey mb-2">Ou</span><span data-v-b5ec5665="" class="vd-file-upload-btn bg-primary text-white text-uppercase py-2 px-4 elevation-2">Choisir un fichier</span><span data-v-b5ec5665="" class="text-grey mt-4 text-body-2 font-weight-regular">Taille max. : 10 Mo. Formats acceptés : PDF, JPG, JPEG, PNG</span></span></label>`;

exports[`FileUpload > renders correctly in multiple mode 1`] = `<label data-v-b5ec5665="" style="width: 100%;" class="text-primary vd-file-upload d-block pa-4"><input data-v-b5ec5665="" type="file" multiple="" accept=".pdf,.jpg,.jpeg,.png" class="vd-file-upload-input"><span data-v-b5ec5665="" class="vd-file-upload-placeholder"><v-icon-stub data-v-b5ec5665="" color="primary" disabled="false" start="false" end="false" size="40" tag="i"></v-icon-stub><span data-v-b5ec5665="" class="text-black mt-1 font-weight-medium">Placez vos fichiers ici</span><span data-v-b5ec5665="" class="text-grey mb-2">Ou</span><span data-v-b5ec5665="" class="vd-file-upload-btn bg-primary text-white text-uppercase py-2 px-4 elevation-2">Choisir un fichier</span><span data-v-b5ec5665="" class="text-grey mt-4 text-body-2 font-weight-regular">Taille max. : 10 Mo. Formats acceptés : PDF, JPG, JPEG, PNG</span></span></label>`;

exports[`FileUpload > renders correctly with only one extension allowed 1`] = `<label data-v-b5ec5665="" style="width: 100%;" class="text-primary vd-file-upload d-block pa-4"><input data-v-b5ec5665="" type="file" accept=".pdf" class="vd-file-upload-input"><span data-v-b5ec5665="" class="vd-file-upload-placeholder"><v-icon-stub data-v-b5ec5665="" color="primary" disabled="false" start="false" end="false" size="40" tag="i"></v-icon-stub><span data-v-b5ec5665="" class="text-black mt-1 font-weight-medium">Placez votre fichier ici</span><span data-v-b5ec5665="" class="text-grey mb-2">Ou</span><span data-v-b5ec5665="" class="vd-file-upload-btn bg-primary text-white text-uppercase py-2 px-4 elevation-2">Choisir un fichier</span><span data-v-b5ec5665="" class="text-grey mt-4 text-body-2 font-weight-regular">Taille max. : 10 Mo. Format accepté : PDF</span></span></label>`;
