// Vitest Snapshot v1, https://vitest.dev/guide/snapshot.html

exports[`EmotionPicker > renders correctly 1`] = `
<fieldset data-v-62a645b1="" class="vd-emotion-picker">
  <legend data-v-62a645b1="" class="text-h6 mb-6">Pourriez-vous donner une note ?</legend>
  <div data-v-62a645b1="" class="v-rating v-theme--light max-width-none mx-n1 mx-sm-n2"><label for="v-rating-0-0" class=""><span class="v-rating__hidden">Rating 0 of 3</span>
      <!---->
    </label><input class="v-rating__hidden" name="v-rating-0" id="v-rating-0-0" type="radio" tabindex="-1" value="0">
    <div class="v-rating__wrapper">
      <!---->
      <div class="v-rating__item"><label for="v-rating-0-1" class=""><span class="v-rating__hidden">Rating 1 of 3</span><button data-v-62a645b1="" type="button" class="v-btn v-theme--light v-btn--density-default v-btn--size-default v-btn--variant-text sad rounded-lg px-1 px-sm-4 mx-1 mx-sm-2" style="min-height: 88px; min-width: 88px;" aria-pressed="false"><span class="v-btn__overlay"></span><span class="v-btn__underlay"></span>
            <!----><span class="v-btn__content" data-no-activator=""><i data-v-62a645b1="" class="M20,12A8,8 0 0,0 12,4A8,8 0 0,0 4,12A8,8 0 0,0 12,20A8,8 0 0,0 20,12M22,12A10,10 0 0,1 12,22A10,10 0 0,1 2,12A10,10 0 0,1 12,2A10,10 0 0,1 22,12M15.5,8C16.3,8 17,8.7 17,9.5C17,10.3 16.3,11 15.5,11C14.7,11 14,10.3 14,9.5C14,8.7 14.7,8 15.5,8M10,9.5C10,10.3 9.3,11 8.5,11C7.7,11 7,10.3 7,9.5C7,8.7 7.7,8 8.5,8C9.3,8 10,8.7 10,9.5M12,14C13.75,14 15.29,14.72 16.19,15.81L14.77,17.23C14.32,16.5 13.25,16 12,16C10.75,16 9.68,16.5 9.23,17.23L7.81,15.81C8.71,14.72 10.25,14 12,14Z mdi v-icon notranslate v-theme--light text-currentColor pa-0" style="font-size: 40px; height: 40px; width: 40px;" aria-hidden="true"></i><span data-v-62a645b1="" class="text-secondary text-subtitle-2 mt-1">Pas du tout</span></span>
            <!---->
            <!---->
          </button></label><input class="v-rating__hidden" name="v-rating-0" id="v-rating-0-1" type="radio" tabindex="-1" value="1"></div>
      <!---->
    </div>
    <div class="v-rating__wrapper">
      <!---->
      <div class="v-rating__item"><label for="v-rating-0-2" class=""><span class="v-rating__hidden">Rating 2 of 3</span><button data-v-62a645b1="" type="button" class="v-btn v-theme--light v-btn--density-default v-btn--size-default v-btn--variant-text neutral rounded-lg px-1 px-sm-4 mx-1 mx-sm-2" style="min-height: 88px; min-width: 88px;" aria-pressed="false"><span class="v-btn__overlay"></span><span class="v-btn__underlay"></span>
            <!----><span class="v-btn__content" data-no-activator=""><i data-v-62a645b1="" class="M12,2A10,10 0 0,0 2,12A10,10 0 0,0 12,22A10,10 0 0,0 22,12A10,10 0 0,0 12,2M12,20A8,8 0 0,1 4,12A8,8 0 0,1 12,4A8,8 0 0,1 20,12A8,8 0 0,1 12,20M8.5,11A1.5,1.5 0 0,1 7,9.5A1.5,1.5 0 0,1 8.5,8A1.5,1.5 0 0,1 10,9.5A1.5,1.5 0 0,1 8.5,11M17,9.5A1.5,1.5 0 0,1 15.5,11A1.5,1.5 0 0,1 14,9.5A1.5,1.5 0 0,1 15.5,8A1.5,1.5 0 0,1 17,9.5M16,14V16H8V14H16Z mdi v-icon notranslate v-theme--light text-currentColor pa-0" style="font-size: 40px; height: 40px; width: 40px;" aria-hidden="true"></i><span data-v-62a645b1="" class="text-secondary text-subtitle-2 mt-1">Peut-Ãªtre</span></span>
            <!---->
            <!---->
          </button></label><input class="v-rating__hidden" name="v-rating-0" id="v-rating-0-2" type="radio" tabindex="-1" value="2"></div>
      <!---->
    </div>
    <div class="v-rating__wrapper">
      <!---->
      <div class="v-rating__item"><label for="v-rating-0-3" class=""><span class="v-rating__hidden">Rating 3 of 3</span><button data-v-62a645b1="" type="button" class="v-btn v-theme--light v-btn--density-default v-btn--size-default v-btn--variant-text happy rounded-lg px-1 px-sm-4 mx-1 mx-sm-2" style="min-height: 88px; min-width: 88px;" aria-pressed="false"><span class="v-btn__overlay"></span><span class="v-btn__underlay"></span>
            <!----><span class="v-btn__content" data-no-activator=""><i data-v-62a645b1="" class="M20,12A8,8 0 0,0 12,4A8,8 0 0,0 4,12A8,8 0 0,0 12,20A8,8 0 0,0 20,12M22,12A10,10 0 0,1 12,22A10,10 0 0,1 2,12A10,10 0 0,1 12,2A10,10 0 0,1 22,12M10,9.5C10,10.3 9.3,11 8.5,11C7.7,11 7,10.3 7,9.5C7,8.7 7.7,8 8.5,8C9.3,8 10,8.7 10,9.5M17,9.5C17,10.3 16.3,11 15.5,11C14.7,11 14,10.3 14,9.5C14,8.7 14.7,8 15.5,8C16.3,8 17,8.7 17,9.5M12,17.23C10.25,17.23 8.71,16.5 7.81,15.42L9.23,14C9.68,14.72 10.75,15.23 12,15.23C13.25,15.23 14.32,14.72 14.77,14L16.19,15.42C15.29,16.5 13.75,17.23 12,17.23Z mdi v-icon notranslate v-theme--light text-currentColor pa-0" style="font-size: 40px; height: 40px; width: 40px;" aria-hidden="true"></i><span data-v-62a645b1="" class="text-secondary text-subtitle-2 mt-1">Oui super</span></span>
            <!---->
            <!---->
          </button></label><input class="v-rating__hidden" name="v-rating-0" id="v-rating-0-3" type="radio" tabindex="-1" value="3"></div>
      <!---->
    </div>
  </div>
</fieldset>
`;

exports[`EmotionPicker > renders correctly with only 2 items 1`] = `
<fieldset data-v-62a645b1="" class="vd-emotion-picker">
  <legend data-v-62a645b1="" class="text-h6 mb-6">Pourriez-vous donner une note ?</legend>
  <div data-v-62a645b1="" class="v-rating v-theme--light max-width-none mx-n1 mx-sm-n2"><label for="v-rating-0-0" class=""><span class="v-rating__hidden">Rating 0 of 2</span>
      <!---->
    </label><input class="v-rating__hidden" name="v-rating-0" id="v-rating-0-0" type="radio" tabindex="-1" value="0">
    <div class="v-rating__wrapper">
      <!---->
      <div class="v-rating__item"><label for="v-rating-0-1" class=""><span class="v-rating__hidden">Rating 1 of 2</span><button data-v-62a645b1="" type="button" class="v-btn v-theme--light v-btn--density-default v-btn--size-default v-btn--variant-text sad rounded-lg px-1 px-sm-4 mx-1 mx-sm-2" style="min-height: 88px; min-width: 88px;" aria-pressed="false"><span class="v-btn__overlay"></span><span class="v-btn__underlay"></span>
            <!----><span class="v-btn__content" data-no-activator=""><i data-v-62a645b1="" class="M20,12A8,8 0 0,0 12,4A8,8 0 0,0 4,12A8,8 0 0,0 12,20A8,8 0 0,0 20,12M22,12A10,10 0 0,1 12,22A10,10 0 0,1 2,12A10,10 0 0,1 12,2A10,10 0 0,1 22,12M15.5,8C16.3,8 17,8.7 17,9.5C17,10.3 16.3,11 15.5,11C14.7,11 14,10.3 14,9.5C14,8.7 14.7,8 15.5,8M10,9.5C10,10.3 9.3,11 8.5,11C7.7,11 7,10.3 7,9.5C7,8.7 7.7,8 8.5,8C9.3,8 10,8.7 10,9.5M12,14C13.75,14 15.29,14.72 16.19,15.81L14.77,17.23C14.32,16.5 13.25,16 12,16C10.75,16 9.68,16.5 9.23,17.23L7.81,15.81C8.71,14.72 10.25,14 12,14Z mdi v-icon notranslate v-theme--light text-currentColor pa-0" style="font-size: 40px; height: 40px; width: 40px;" aria-hidden="true"></i><span data-v-62a645b1="" class="text-secondary text-subtitle-2 mt-1">Pas du tout</span></span>
            <!---->
            <!---->
          </button></label><input class="v-rating__hidden" name="v-rating-0" id="v-rating-0-1" type="radio" tabindex="-1" value="1"></div>
      <!---->
    </div>
    <div class="v-rating__wrapper">
      <!---->
      <div class="v-rating__item"><label for="v-rating-0-2" class=""><span class="v-rating__hidden">Rating 2 of 2</span><button data-v-62a645b1="" type="button" class="v-btn v-theme--light v-btn--density-default v-btn--size-default v-btn--variant-text happy rounded-lg px-1 px-sm-4 mx-1 mx-sm-2" style="min-height: 88px; min-width: 88px;" aria-pressed="false"><span class="v-btn__overlay"></span><span class="v-btn__underlay"></span>
            <!----><span class="v-btn__content" data-no-activator=""><i data-v-62a645b1="" class="M20,12A8,8 0 0,0 12,4A8,8 0 0,0 4,12A8,8 0 0,0 12,20A8,8 0 0,0 20,12M22,12A10,10 0 0,1 12,22A10,10 0 0,1 2,12A10,10 0 0,1 12,2A10,10 0 0,1 22,12M10,9.5C10,10.3 9.3,11 8.5,11C7.7,11 7,10.3 7,9.5C7,8.7 7.7,8 8.5,8C9.3,8 10,8.7 10,9.5M17,9.5C17,10.3 16.3,11 15.5,11C14.7,11 14,10.3 14,9.5C14,8.7 14.7,8 15.5,8C16.3,8 17,8.7 17,9.5M12,17.23C10.25,17.23 8.71,16.5 7.81,15.42L9.23,14C9.68,14.72 10.75,15.23 12,15.23C13.25,15.23 14.32,14.72 14.77,14L16.19,15.42C15.29,16.5 13.75,17.23 12,17.23Z mdi v-icon notranslate v-theme--light text-currentColor pa-0" style="font-size: 40px; height: 40px; width: 40px;" aria-hidden="true"></i><span data-v-62a645b1="" class="text-secondary text-subtitle-2 mt-1">Oui super</span></span>
            <!---->
            <!---->
          </button></label><input class="v-rating__hidden" name="v-rating-0" id="v-rating-0-2" type="radio" tabindex="-1" value="2"></div>
      <!---->
    </div>
  </div>
</fieldset>
`;
