// Jest Snapshot v1, https://goo.gl/fbAQLP

exports[`AccessibilityBanner renders correctly 1`] = `""`;
