// Jest Snapshot v1, https://goo.gl/fbAQLP

exports[`BackToTopBtn renders correctly 1`] = `
<vfadetransition-stub origin="top center 0">
  <vbtn-stub color="primary" outlined="true" tag="button" activeclass="" fixed="true" type="button" class="vd-back-to-top-btn text-wrap px-0 px-md-4" style="bottom: 16px; right: 16px; display: none;"><span class="">
				Retour en haut
			</span>
    <vicon-stub color="primary" small="true" class="ml-0 ml-md-1">
      M13,20H11V8L5.5,13.5L4.08,12.08L12,4.16L19.92,12.08L18.5,13.5L13,8V20Z
    </vicon-stub>
  </vbtn-stub>
</vfadetransition-stub>
`;
